// Jest Snapshot v1, https://goo.gl/fbAQLP

exports[`Content Type Header should render correctly 1`] = `
<DocumentFragment>
  <div
    class="content-type-header"
  >
    <p>
      Content Types
    </p>
  </div>
</DocumentFragment>
`;
